2026-07-09 10:02:16,083 - verbecc - INFO - verbs.py:29 - loaded verbecc config: VerbeccConfig(version=1, ENABLE_ML_PREDICTION=True, JSBEAUTIFIER_ENABLE=True, JSBEAUTIFIER_OPTS=JSBeautifierOpts(brace_style='expand', break_chained_methods=False, comma_first=False, e4x=False, end_with_newline=False, indent_char=' ', indent_empty_lines=False, indent_inner_html=False, indent_scripts='normal', indent_size=4, jslint_happy=False, keep_array_indentation=False, max_preserve_newlines=-1, preserve_newlines=False, space_before_conditional=True, unescape_strings=False, wrap_line_length=80), JSON_OPTS=JSONOpts(allow_nan=False, sort_keys=True, ensure_ascii=False, indent=4))
2026-07-09 10:02:16,099 - verbecc - INFO - model_utils.py:54 - Loaded model pickle (filename=trained_model-fr.pickle) from zip file (filename=data/models/trained_model-fr.zip)
2026-07-09 10:02:16,100 - verbecc - INFO - predictor.py:21 - Loaded existing model from zip file.
2026-07-09 12:21:33,448 - verbecc - INFO - verbs.py:29 - loaded verbecc config: VerbeccConfig(version=1, ENABLE_ML_PREDICTION=True, JSBEAUTIFIER_ENABLE=True, JSBEAUTIFIER_OPTS=JSBeautifierOpts(brace_style='expand', break_chained_methods=False, comma_first=False, e4x=False, end_with_newline=False, indent_char=' ', indent_empty_lines=False, indent_inner_html=False, indent_scripts='normal', indent_size=4, jslint_happy=False, keep_array_indentation=False, max_preserve_newlines=-1, preserve_newlines=False, space_before_conditional=True, unescape_strings=False, wrap_line_length=80), JSON_OPTS=JSONOpts(allow_nan=False, sort_keys=True, ensure_ascii=False, indent=4))
2026-07-09 12:21:33,519 - verbecc - INFO - model_utils.py:54 - Loaded model pickle (filename=trained_model-es.pickle) from zip file (filename=data/models/trained_model-es.zip)
2026-07-09 12:21:33,520 - verbecc - INFO - predictor.py:21 - Loaded existing model from zip file.
2026-07-09 12:21:33,806 - verbecc - INFO - verbs.py:29 - loaded verbecc config: VerbeccConfig(version=1, ENABLE_ML_PREDICTION=True, JSBEAUTIFIER_ENABLE=True, JSBEAUTIFIER_OPTS=JSBeautifierOpts(brace_style='expand', break_chained_methods=False, comma_first=False, e4x=False, end_with_newline=False, indent_char=' ', indent_empty_lines=False, indent_inner_html=False, indent_scripts='normal', indent_size=4, jslint_happy=False, keep_array_indentation=False, max_preserve_newlines=-1, preserve_newlines=False, space_before_conditional=True, unescape_strings=False, wrap_line_length=80), JSON_OPTS=JSONOpts(allow_nan=False, sort_keys=True, ensure_ascii=False, indent=4))
2026-07-09 12:21:33,905 - verbecc - INFO - model_utils.py:54 - Loaded model pickle (filename=trained_model-fr.pickle) from zip file (filename=data/models/trained_model-fr.zip)
2026-07-09 12:21:33,906 - verbecc - INFO - predictor.py:21 - Loaded existing model from zip file.
2026-07-09 12:21:46,175 - verbecc - INFO - verbs.py:29 - loaded verbecc config: VerbeccConfig(version=1, ENABLE_ML_PREDICTION=True, JSBEAUTIFIER_ENABLE=True, JSBEAUTIFIER_OPTS=JSBeautifierOpts(brace_style='expand', break_chained_methods=False, comma_first=False, e4x=False, end_with_newline=False, indent_char=' ', indent_empty_lines=False, indent_inner_html=False, indent_scripts='normal', indent_size=4, jslint_happy=False, keep_array_indentation=False, max_preserve_newlines=-1, preserve_newlines=False, space_before_conditional=True, unescape_strings=False, wrap_line_length=80), JSON_OPTS=JSONOpts(allow_nan=False, sort_keys=True, ensure_ascii=False, indent=4))
2026-07-09 12:21:46,266 - verbecc - INFO - model_utils.py:54 - Loaded model pickle (filename=trained_model-es.pickle) from zip file (filename=data/models/trained_model-es.zip)
2026-07-09 12:21:46,266 - verbecc - INFO - predictor.py:21 - Loaded existing model from zip file.
2026-07-09 12:22:08,159 - verbecc - INFO - verbs.py:29 - loaded verbecc config: VerbeccConfig(version=1, ENABLE_ML_PREDICTION=True, JSBEAUTIFIER_ENABLE=True, JSBEAUTIFIER_OPTS=JSBeautifierOpts(brace_style='expand', break_chained_methods=False, comma_first=False, e4x=False, end_with_newline=False, indent_char=' ', indent_empty_lines=False, indent_inner_html=False, indent_scripts='normal', indent_size=4, jslint_happy=False, keep_array_indentation=False, max_preserve_newlines=-1, preserve_newlines=False, space_before_conditional=True, unescape_strings=False, wrap_line_length=80), JSON_OPTS=JSONOpts(allow_nan=False, sort_keys=True, ensure_ascii=False, indent=4))
2026-07-09 12:22:08,229 - verbecc - INFO - model_utils.py:54 - Loaded model pickle (filename=trained_model-es.pickle) from zip file (filename=data/models/trained_model-es.zip)
2026-07-09 12:22:08,230 - verbecc - INFO - predictor.py:21 - Loaded existing model from zip file.
2026-07-11 10:46:19,072 - verbecc - INFO - verbs.py:29 - loaded verbecc config: VerbeccConfig(version=1, ENABLE_ML_PREDICTION=True, JSBEAUTIFIER_ENABLE=True, JSBEAUTIFIER_OPTS=JSBeautifierOpts(brace_style='expand', break_chained_methods=False, comma_first=False, e4x=False, end_with_newline=False, indent_char=' ', indent_empty_lines=False, indent_inner_html=False, indent_scripts='normal', indent_size=4, jslint_happy=False, keep_array_indentation=False, max_preserve_newlines=-1, preserve_newlines=False, space_before_conditional=True, unescape_strings=False, wrap_line_length=80), JSON_OPTS=JSONOpts(allow_nan=False, sort_keys=True, ensure_ascii=False, indent=4))
2026-07-11 10:46:19,096 - verbecc - INFO - model_utils.py:54 - Loaded model pickle (filename=trained_model-fr.pickle) from zip file (filename=data/models/trained_model-fr.zip)
2026-07-11 10:46:19,097 - verbecc - INFO - predictor.py:21 - Loaded existing model from zip file.
2026-07-11 10:50:48,772 - verbecc - INFO - verbs.py:29 - loaded verbecc config: VerbeccConfig(version=1, ENABLE_ML_PREDICTION=True, JSBEAUTIFIER_ENABLE=True, JSBEAUTIFIER_OPTS=JSBeautifierOpts(brace_style='expand', break_chained_methods=False, comma_first=False, e4x=False, end_with_newline=False, indent_char=' ', indent_empty_lines=False, indent_inner_html=False, indent_scripts='normal', indent_size=4, jslint_happy=False, keep_array_indentation=False, max_preserve_newlines=-1, preserve_newlines=False, space_before_conditional=True, unescape_strings=False, wrap_line_length=80), JSON_OPTS=JSONOpts(allow_nan=False, sort_keys=True, ensure_ascii=False, indent=4))
2026-07-11 10:50:48,792 - verbecc - INFO - model_utils.py:54 - Loaded model pickle (filename=trained_model-fr.pickle) from zip file (filename=data/models/trained_model-fr.zip)
2026-07-11 10:50:48,793 - verbecc - INFO - predictor.py:21 - Loaded existing model from zip file.
2026-07-11 10:50:57,165 - verbecc - INFO - verbs.py:29 - loaded verbecc config: VerbeccConfig(version=1, ENABLE_ML_PREDICTION=True, JSBEAUTIFIER_ENABLE=True, JSBEAUTIFIER_OPTS=JSBeautifierOpts(brace_style='expand', break_chained_methods=False, comma_first=False, e4x=False, end_with_newline=False, indent_char=' ', indent_empty_lines=False, indent_inner_html=False, indent_scripts='normal', indent_size=4, jslint_happy=False, keep_array_indentation=False, max_preserve_newlines=-1, preserve_newlines=False, space_before_conditional=True, unescape_strings=False, wrap_line_length=80), JSON_OPTS=JSONOpts(allow_nan=False, sort_keys=True, ensure_ascii=False, indent=4))
2026-07-11 10:50:57,187 - verbecc - INFO - model_utils.py:54 - Loaded model pickle (filename=trained_model-fr.pickle) from zip file (filename=data/models/trained_model-fr.zip)
2026-07-11 10:50:57,188 - verbecc - INFO - predictor.py:21 - Loaded existing model from zip file.
2026-07-11 10:50:57,291 - verbecc - INFO - verbs.py:29 - loaded verbecc config: VerbeccConfig(version=1, ENABLE_ML_PREDICTION=True, JSBEAUTIFIER_ENABLE=True, JSBEAUTIFIER_OPTS=JSBeautifierOpts(brace_style='expand', break_chained_methods=False, comma_first=False, e4x=False, end_with_newline=False, indent_char=' ', indent_empty_lines=False, indent_inner_html=False, indent_scripts='normal', indent_size=4, jslint_happy=False, keep_array_indentation=False, max_preserve_newlines=-1, preserve_newlines=False, space_before_conditional=True, unescape_strings=False, wrap_line_length=80), JSON_OPTS=JSONOpts(allow_nan=False, sort_keys=True, ensure_ascii=False, indent=4))
2026-07-11 10:50:57,358 - verbecc - INFO - model_utils.py:54 - Loaded model pickle (filename=trained_model-es.pickle) from zip file (filename=data/models/trained_model-es.zip)
2026-07-11 10:50:57,359 - verbecc - INFO - predictor.py:21 - Loaded existing model from zip file.
2026-07-11 10:52:50,586 - verbecc - INFO - verbs.py:29 - loaded verbecc config: VerbeccConfig(version=1, ENABLE_ML_PREDICTION=True, JSBEAUTIFIER_ENABLE=True, JSBEAUTIFIER_OPTS=JSBeautifierOpts(brace_style='expand', break_chained_methods=False, comma_first=False, e4x=False, end_with_newline=False, indent_char=' ', indent_empty_lines=False, indent_inner_html=False, indent_scripts='normal', indent_size=4, jslint_happy=False, keep_array_indentation=False, max_preserve_newlines=-1, preserve_newlines=False, space_before_conditional=True, unescape_strings=False, wrap_line_length=80), JSON_OPTS=JSONOpts(allow_nan=False, sort_keys=True, ensure_ascii=False, indent=4))
2026-07-11 10:52:50,607 - verbecc - INFO - model_utils.py:54 - Loaded model pickle (filename=trained_model-fr.pickle) from zip file (filename=data/models/trained_model-fr.zip)
2026-07-11 10:52:50,608 - verbecc - INFO - predictor.py:21 - Loaded existing model from zip file.
2026-07-11 10:53:57,310 - verbecc - INFO - verbs.py:29 - loaded verbecc config: VerbeccConfig(version=1, ENABLE_ML_PREDICTION=True, JSBEAUTIFIER_ENABLE=True, JSBEAUTIFIER_OPTS=JSBeautifierOpts(brace_style='expand', break_chained_methods=False, comma_first=False, e4x=False, end_with_newline=False, indent_char=' ', indent_empty_lines=False, indent_inner_html=False, indent_scripts='normal', indent_size=4, jslint_happy=False, keep_array_indentation=False, max_preserve_newlines=-1, preserve_newlines=False, space_before_conditional=True, unescape_strings=False, wrap_line_length=80), JSON_OPTS=JSONOpts(allow_nan=False, sort_keys=True, ensure_ascii=False, indent=4))
2026-07-11 10:53:57,342 - verbecc - INFO - model_utils.py:54 - Loaded model pickle (filename=trained_model-fr.pickle) from zip file (filename=data/models/trained_model-fr.zip)
2026-07-11 10:53:57,344 - verbecc - INFO - predictor.py:21 - Loaded existing model from zip file.
2026-07-11 11:00:34,235 - verbecc - INFO - verbs.py:29 - loaded verbecc config: VerbeccConfig(version=1, ENABLE_ML_PREDICTION=True, JSBEAUTIFIER_ENABLE=True, JSBEAUTIFIER_OPTS=JSBeautifierOpts(brace_style='expand', break_chained_methods=False, comma_first=False, e4x=False, end_with_newline=False, indent_char=' ', indent_empty_lines=False, indent_inner_html=False, indent_scripts='normal', indent_size=4, jslint_happy=False, keep_array_indentation=False, max_preserve_newlines=-1, preserve_newlines=False, space_before_conditional=True, unescape_strings=False, wrap_line_length=80), JSON_OPTS=JSONOpts(allow_nan=False, sort_keys=True, ensure_ascii=False, indent=4))
2026-07-11 11:00:34,264 - verbecc - INFO - model_utils.py:54 - Loaded model pickle (filename=trained_model-fr.pickle) from zip file (filename=data/models/trained_model-fr.zip)
2026-07-11 11:00:34,265 - verbecc - INFO - predictor.py:21 - Loaded existing model from zip file.
2026-07-11 11:00:47,750 - verbecc - INFO - verbs.py:29 - loaded verbecc config: VerbeccConfig(version=1, ENABLE_ML_PREDICTION=True, JSBEAUTIFIER_ENABLE=True, JSBEAUTIFIER_OPTS=JSBeautifierOpts(brace_style='expand', break_chained_methods=False, comma_first=False, e4x=False, end_with_newline=False, indent_char=' ', indent_empty_lines=False, indent_inner_html=False, indent_scripts='normal', indent_size=4, jslint_happy=False, keep_array_indentation=False, max_preserve_newlines=-1, preserve_newlines=False, space_before_conditional=True, unescape_strings=False, wrap_line_length=80), JSON_OPTS=JSONOpts(allow_nan=False, sort_keys=True, ensure_ascii=False, indent=4))
2026-07-11 11:00:47,772 - verbecc - INFO - model_utils.py:54 - Loaded model pickle (filename=trained_model-fr.pickle) from zip file (filename=data/models/trained_model-fr.zip)
2026-07-11 11:00:47,774 - verbecc - INFO - predictor.py:21 - Loaded existing model from zip file.
2026-07-11 11:00:47,830 - verbecc - WARNING - tense_conjugator_simple.py:59 - tense_template.person_endings is empty
2026-07-11 11:00:47,831 - verbecc - WARNING - tense_conjugator_simple.py:104 - conjugation is empty
2026-07-11 11:00:47,832 - verbecc - WARNING - tense_conjugator_simple.py:59 - tense_template.person_endings is empty
2026-07-11 11:00:47,833 - verbecc - WARNING - tense_conjugator_simple.py:104 - conjugation is empty
2026-07-11 11:00:47,851 - verbecc - WARNING - tense_conjugator_simple.py:59 - tense_template.person_endings is empty
2026-07-11 11:00:47,852 - verbecc - WARNING - tense_conjugator_simple.py:104 - conjugation is empty
2026-07-11 11:00:47,853 - verbecc - WARNING - tense_conjugator_simple.py:59 - tense_template.person_endings is empty
2026-07-11 11:00:47,854 - verbecc - WARNING - tense_conjugator_simple.py:104 - conjugation is empty
2026-07-11 11:00:47,854 - verbecc - WARNING - tense_conjugator_simple.py:59 - tense_template.person_endings is empty
2026-07-11 11:00:47,855 - verbecc - WARNING - tense_conjugator_simple.py:104 - conjugation is empty
2026-07-11 11:01:50,621 - verbecc - INFO - verbs.py:29 - loaded verbecc config: VerbeccConfig(version=1, ENABLE_ML_PREDICTION=True, JSBEAUTIFIER_ENABLE=True, JSBEAUTIFIER_OPTS=JSBeautifierOpts(brace_style='expand', break_chained_methods=False, comma_first=False, e4x=False, end_with_newline=False, indent_char=' ', indent_empty_lines=False, indent_inner_html=False, indent_scripts='normal', indent_size=4, jslint_happy=False, keep_array_indentation=False, max_preserve_newlines=-1, preserve_newlines=False, space_before_conditional=True, unescape_strings=False, wrap_line_length=80), JSON_OPTS=JSONOpts(allow_nan=False, sort_keys=True, ensure_ascii=False, indent=4))
2026-07-11 11:01:50,642 - verbecc - INFO - model_utils.py:54 - Loaded model pickle (filename=trained_model-fr.pickle) from zip file (filename=data/models/trained_model-fr.zip)
2026-07-11 11:01:50,643 - verbecc - INFO - predictor.py:21 - Loaded existing model from zip file.
2026-07-11 11:01:50,688 - verbecc - WARNING - tense_conjugator_simple.py:59 - tense_template.person_endings is empty
2026-07-11 11:01:50,689 - verbecc - WARNING - tense_conjugator_simple.py:104 - conjugation is empty
2026-07-11 11:01:50,690 - verbecc - WARNING - tense_conjugator_simple.py:59 - tense_template.person_endings is empty
2026-07-11 11:01:50,690 - verbecc - WARNING - tense_conjugator_simple.py:104 - conjugation is empty
